// Jest Snapshot v1, https://goo.gl/fbAQLP

exports[`rds-db-instance 1`] = `
Array [
  Object {
    "apiVersion": "apps/v1",
    "kind": "Deployment",
    "metadata": Object {
      "name": "rdsdbinstancechart-application-c87c5287",
    },
    "spec": Object {
      "minReadySeconds": 0,
      "progressDeadlineSeconds": 600,
      "replicas": 2,
      "selector": Object {
        "matchLabels": Object {
          "cdk8s.io/metadata.addr": "RdsDBInstanceChart-Application-c86ef48c",
        },
      },
      "strategy": Object {
        "rollingUpdate": Object {
          "maxSurge": "25%",
          "maxUnavailable": "25%",
        },
        "type": "RollingUpdate",
      },
      "template": Object {
        "metadata": Object {
          "labels": Object {
            "cdk8s.io/metadata.addr": "RdsDBInstanceChart-Application-c86ef48c",
          },
        },
        "spec": Object {
          "automountServiceAccountToken": false,
          "containers": Array [
            Object {
              "env": Array [
                Object {
                  "name": "DB_ADDRESS",
                  "valueFrom": Object {
                    "configMapKeyRef": Object {
                      "key": "default.rdsdbinstance-databaseinstance24d16791endpoint.address-c8d4b7a6",
                      "name": "rdsdbinstan-databaseinstance24d16791configmap-c8ebba6c",
                    },
                  },
                },
                Object {
                  "name": "DB_PORT",
                  "valueFrom": Object {
                    "configMapKeyRef": Object {
                      "key": "default.rdsdbinstancecha-databaseinstance24d16791endpoint.port-c844db15",
                      "name": "rdsdbinstan-databaseinstance24d16791configmap-c8ebba6c",
                    },
                  },
                },
              ],
              "image": "application",
              "imagePullPolicy": "Always",
              "name": "main",
              "ports": Array [
                Object {
                  "containerPort": 8080,
                },
              ],
              "resources": Object {
                "limits": Object {
                  "cpu": "1500m",
                  "memory": "2048Mi",
                },
                "requests": Object {
                  "cpu": "1000m",
                  "memory": "512Mi",
                },
              },
              "securityContext": Object {
                "allowPrivilegeEscalation": false,
                "privileged": false,
                "readOnlyRootFilesystem": true,
                "runAsNonRoot": true,
              },
              "startupProbe": Object {
                "failureThreshold": 3,
                "tcpSocket": Object {
                  "port": 8080,
                },
              },
            },
          ],
          "dnsPolicy": "ClusterFirst",
          "hostNetwork": false,
          "restartPolicy": "Always",
          "securityContext": Object {
            "fsGroupChangePolicy": "Always",
            "runAsNonRoot": true,
          },
          "setHostnameAsFQDN": false,
        },
      },
    },
  },
  Object {
    "apiVersion": "rds.services.k8s.aws/v1alpha1",
    "kind": "DBSubnetGroup",
    "metadata": Object {
      "name": "rdsdbinstancechart-databaseinstancesubnetgroupa4fff2a4-c86e7648",
    },
    "spec": Object {
      "description": "Subnet group for DatabaseInstance database",
      "name": "rdsdbinstancechart-databaseinstancesubnetgroupa4fff2a4-c86e7648",
      "subnetIDs": Array [
        "subnet-065321f51cb2ac562",
        "subnet-0d72f4230848972e9",
      ],
    },
  },
  Object {
    "apiVersion": "v1",
    "immutable": false,
    "kind": "ConfigMap",
    "metadata": Object {
      "name": "databaseinstancesubnetgroupa4fff2a4configmap-c864c144",
    },
  },
  Object {
    "apiVersion": "v1",
    "immutable": false,
    "kind": "Secret",
    "metadata": Object {
      "name": "rdsdbinstancec-databaseinstance24d16791secret-c815fde5",
    },
    "stringData": Object {
      "password": "password",
    },
  },
  Object {
    "apiVersion": "rds.services.k8s.aws/v1alpha1",
    "kind": "DBInstance",
    "metadata": Object {
      "name": "rdsdbinstancechart-databaseinstance24d16791-c8700e61",
    },
    "spec": Object {
      "allocatedStorage": 100,
      "copyTagsToSnapshot": true,
      "dbInstanceClass": "db.m5.large",
      "dbInstanceIdentifier": "rdsdbinstancechart-databaseinstance24d16791-c8700e61",
      "dbSubnetGroupName": "rdsdbinstancechart-databaseinstancesubnetgroupa4fff2a4-c86e7648",
      "engine": "postgres",
      "masterUserPassword": Object {
        "key": "password",
        "name": "rdsdbinstancec-databaseinstance24d16791secret-c815fde5",
      },
      "masterUsername": "postgres",
      "storageType": "gp2",
      "vpcSecurityGroupIDs": Array [
        "sg-06a21c2d7f87340df",
      ],
    },
  },
  Object {
    "apiVersion": "v1",
    "immutable": false,
    "kind": "ConfigMap",
    "metadata": Object {
      "name": "rdsdbinstan-databaseinstance24d16791configmap-c8ebba6c",
    },
  },
  Object {
    "apiVersion": "services.k8s.aws/v1alpha1",
    "kind": "FieldExport",
    "metadata": Object {
      "name": "rdsdbinstance-databaseinstance24d16791endpoint.address-c8d4b7a6",
    },
    "spec": Object {
      "from": Object {
        "path": ".status.endpoint.address",
        "resource": Object {
          "group": "rds.services.k8s.aws",
          "kind": "DBInstance",
          "name": "rdsdbinstancechart-databaseinstance24d16791-c8700e61",
        },
      },
      "to": Object {
        "kind": "configmap",
        "name": "rdsdbinstan-databaseinstance24d16791configmap-c8ebba6c",
      },
    },
  },
  Object {
    "apiVersion": "services.k8s.aws/v1alpha1",
    "kind": "FieldExport",
    "metadata": Object {
      "name": "rdsdbinstancecha-databaseinstance24d16791endpoint.port-c844db15",
    },
    "spec": Object {
      "from": Object {
        "path": ".status.endpoint.port",
        "resource": Object {
          "group": "rds.services.k8s.aws",
          "kind": "DBInstance",
          "name": "rdsdbinstancechart-databaseinstance24d16791-c8700e61",
        },
      },
      "to": Object {
        "kind": "configmap",
        "name": "rdsdbinstan-databaseinstance24d16791configmap-c8ebba6c",
      },
    },
  },
]
`;
